
> stellarflow-backend@1.0.0 test
> tsx test/marketRates.test.ts

npm : 'tsx' is not 
recognized as an 
internal or external 
command,
At line:1 char:1
+ npm test > 
test_output.txt 2>&1 ; 
cat test_output.txt
+ ~~~~~~~~~~~~~~~~~~~~~
~~~~~~~~~~
    + CategoryInfo     
         : NotSpecifi  
  ed: ('tsx' is not    
 re...ternal comman    
d,:String) [], Rem    
oteException
    + FullyQualifiedEr 
   rorId : NativeComm  
  andError
 
operable program or 
batch file.
