src/index.ts(30,5): error TS2375: Type '{ message: string; stack: string | undefined; }' is not assignable to type '{ message: string; stack?: string; }' with 'exactOptionalPropertyTypes: true'. Consider adding 'undefined' to the types of the target's properties.
  Types of property 'stack' are incompatible.
    Type 'string | undefined' is not assignable to type 'string'.
      Type 'undefined' is not assignable to type 'string'.
src/lib/prisma.ts(4,10): error TS2305: Module '"@prisma/client"' has no exported member 'PrismaClient'.
src/services/priceReviewService.ts(141,5): error TS2322: Type 'Promise<void> | null' is not assignable to type 'Promise<void>'.
  Type 'null' is not assignable to type 'Promise<void>'.
src/services/reputation.service.ts(1,10): error TS2305: Module '"@prisma/client"' has no exported member 'PrismaClient'.
src/services/sorobanEventListener.ts(3,15): error TS2305: Module '"@prisma/client"' has no exported member 'OnChainPrice'.
